02:13:32 **** Incremental Build of configuration Release for project 005HSI_Measurement ****
make -j12 all 
arm-none-eabi-gcc -mcpu=cortex-m3 -c -x assembler-with-cpp -MMD -MP -MF"Startup/startup_stm32f103c8tx.d" -MT"Startup/startup_stm32f103c8tx.o" --specs=nano.specs -mfloat-abi=soft -mthumb -o "Startup/startup_stm32f103c8tx.o" "../Startup/startup_stm32f103c8tx.s"
arm-none-eabi-gcc "../Src/main.c" -mcpu=cortex-m3 -std=gnu11 -DSTM32 -DSTM32F1 -DSTM32F103C8Tx -c -I../Inc -Os -ffunction-sections -fdata-sections -Wall -fstack-usage -MMD -MP -MF"Src/main.d" -MT"Src/main.o" --specs=nano.specs -mfloat-abi=soft -mthumb -o "Src/main.o"
arm-none-eabi-gcc "../Src/syscalls.c" -mcpu=cortex-m3 -std=gnu11 -DSTM32 -DSTM32F1 -DSTM32F103C8Tx -c -I../Inc -Os -ffunction-sections -fdata-sections -Wall -fstack-usage -MMD -MP -MF"Src/syscalls.d" -MT"Src/syscalls.o" --specs=nano.specs -mfloat-abi=soft -mthumb -o "Src/syscalls.o"
arm-none-eabi-gcc "../Src/sysmem.c" -mcpu=cortex-m3 -std=gnu11 -DSTM32 -DSTM32F1 -DSTM32F103C8Tx -c -I../Inc -Os -ffunction-sections -fdata-sections -Wall -fstack-usage -MMD -MP -MF"Src/sysmem.d" -MT"Src/sysmem.o" --specs=nano.specs -mfloat-abi=soft -mthumb -o "Src/sysmem.o"
arm-none-eabi-gcc -o "005HSI_Measurement.elf" @"objects.list"   -mcpu=cortex-m3 -T"C:\Users\arath\Desktop\Embedded Software\Course Mastering Microcontroller and Embedded Driver Development\MCU1-Course\MCU1\005HSI_Measurement\STM32F103C8TX_FLASH.ld" --specs=nosys.specs -Wl,-Map="005HSI_Measurement.map" -Wl,--gc-sections -static --specs=nano.specs -mfloat-abi=soft -mthumb -Wl,--start-group -lc -lm -Wl,--end-group
Finished building target: 005HSI_Measurement.elf
 
arm-none-eabi-size   005HSI_Measurement.elf 
arm-none-eabi-objdump -h -S  005HSI_Measurement.elf  > "005HSI_Measurement.list"
   text	   data	    bss	    dec	    hex	filename
    572	      8	   1568	   2148	    864	005HSI_Measurement.elf
Finished building: default.size.stdout
 
Finished building: 005HSI_Measurement.list
 

02:13:34 Build Finished. 0 errors, 0 warnings. (took 1s.281ms)

